Archive member included to satisfy reference by file (symbol)

d:/atmel/studio/7.0/toolchain/avr8/avr8-gnu-toolchain/bin/../lib/gcc/avr/4.9.2/avr6\libgcc.a(_exit.o)
                              D:/Atmel/Studio/7.0/Packs/atmel/ATmega_DFP/1.1.130/gcc/dev/atmega2561/avr6/crtatmega2561.o (exit)
d:/atmel/studio/7.0/toolchain/avr8/avr8-gnu-toolchain/bin/../lib/gcc/avr/4.9.2/avr6\libgcc.a(_copy_data.o)
                              AndroCar.o (__do_copy_data)
d:/atmel/studio/7.0/toolchain/avr8/avr8-gnu-toolchain/bin/../lib/gcc/avr/4.9.2/avr6\libgcc.a(_clear_bss.o)
                              AndroCar.o (__do_clear_bss)
d:/atmel/studio/7.0/toolchain/avr8/avr8-gnu-toolchain/bin/../lib/gcc/avr/4.9.2/../../../../avr/lib/avr6\libc.a(malloc.o)
                              AndroCar.o (malloc)
d:/atmel/studio/7.0/toolchain/avr8/avr8-gnu-toolchain/bin/../lib/gcc/avr/4.9.2/../../../../avr/lib/avr6\libc.a(strcpy.o)
                              AndroCar.o (strcpy)
d:/atmel/studio/7.0/toolchain/avr8/avr8-gnu-toolchain/bin/../lib/gcc/avr/4.9.2/../../../../avr/lib/avr6\libc.a(sprintf.o)
                              AndroCar.o (sprintf)
d:/atmel/studio/7.0/toolchain/avr8/avr8-gnu-toolchain/bin/../lib/gcc/avr/4.9.2/../../../../avr/lib/avr6\libc.a(vfprintf_std.o)
                              d:/atmel/studio/7.0/toolchain/avr8/avr8-gnu-toolchain/bin/../lib/gcc/avr/4.9.2/../../../../avr/lib/avr6\libc.a(sprintf.o) (vfprintf)
d:/atmel/studio/7.0/toolchain/avr8/avr8-gnu-toolchain/bin/../lib/gcc/avr/4.9.2/../../../../avr/lib/avr6\libc.a(strnlen_P.o)
                              d:/atmel/studio/7.0/toolchain/avr8/avr8-gnu-toolchain/bin/../lib/gcc/avr/4.9.2/../../../../avr/lib/avr6\libc.a(vfprintf_std.o) (strnlen_P)
d:/atmel/studio/7.0/toolchain/avr8/avr8-gnu-toolchain/bin/../lib/gcc/avr/4.9.2/../../../../avr/lib/avr6\libc.a(strnlen.o)
                              d:/atmel/studio/7.0/toolchain/avr8/avr8-gnu-toolchain/bin/../lib/gcc/avr/4.9.2/../../../../avr/lib/avr6\libc.a(vfprintf_std.o) (strnlen)
d:/atmel/studio/7.0/toolchain/avr8/avr8-gnu-toolchain/bin/../lib/gcc/avr/4.9.2/../../../../avr/lib/avr6\libc.a(fputc.o)
                              d:/atmel/studio/7.0/toolchain/avr8/avr8-gnu-toolchain/bin/../lib/gcc/avr/4.9.2/../../../../avr/lib/avr6\libc.a(vfprintf_std.o) (fputc)
d:/atmel/studio/7.0/toolchain/avr8/avr8-gnu-toolchain/bin/../lib/gcc/avr/4.9.2/../../../../avr/lib/avr6\libc.a(ultoa_invert.o)
                              d:/atmel/studio/7.0/toolchain/avr8/avr8-gnu-toolchain/bin/../lib/gcc/avr/4.9.2/../../../../avr/lib/avr6\libc.a(vfprintf_std.o) (__ultoa_invert)

Allocating common symbols
Common symbol       size              file

MON_125_03BA        0x8               AndroCar.o
CAR_125_201         0x8               AndroCar.o
CAR_125_290         0x8               AndroCar.o
CAR_125_291         0x8               AndroCar.o
CAN_incoming_buffer
                    0x1e0             main.o
New_command         0x46              AndroCar.o
CAR_125_28F         0x8               AndroCar.o
__brkval            0x2               d:/atmel/studio/7.0/toolchain/avr8/avr8-gnu-toolchain/bin/../lib/gcc/avr/4.9.2/../../../../avr/lib/avr6\libc.a(malloc.o)
MON_125_038A        0x8               AndroCar.o
New_command_id      0x1               AndroCar.o
CAR_125_400         0x8               AndroCar.o
Resend_status       0x1               AndroCar.o
UART_Command_Stack  0x853             AndroCar.o
CAR_125_03BA        0x8               AndroCar.o
CAR_125_038A        0x8               AndroCar.o
stat                0x2               main.o
__flp               0x2               d:/atmel/studio/7.0/toolchain/avr8/avr8-gnu-toolchain/bin/../lib/gcc/avr/4.9.2/../../../../avr/lib/avr6\libc.a(malloc.o)
Vin                 0x2               main.o

Discarded input sections

 .data          0x00000000        0x0 D:/Atmel/Studio/7.0/Packs/atmel/ATmega_DFP/1.1.130/gcc/dev/atmega2561/avr6/crtatmega2561.o
 .bss           0x00000000        0x0 D:/Atmel/Studio/7.0/Packs/atmel/ATmega_DFP/1.1.130/gcc/dev/atmega2561/avr6/crtatmega2561.o
 .text          0x00000000        0x0 AndroCar.o
 .data          0x00000000        0x0 AndroCar.o
 .bss           0x00000000        0x0 AndroCar.o
 .text.mcp2515_init_send
                0x00000000       0x76 AndroCar.o
 .text.mcp2515_read_register
                0x00000000       0x86 AndroCar.o
 .text          0x00000000        0x0 EERTOS.o
 .data          0x00000000        0x0 EERTOS.o
 .bss           0x00000000        0x0 EERTOS.o
 .text          0x00000000        0x0 EERTOSHAL.o
 .data          0x00000000        0x0 EERTOSHAL.o
 .bss           0x00000000        0x0 EERTOSHAL.o
 .text          0x00000000        0x0 HAL.o
 .data          0x00000000        0x0 HAL.o
 .bss           0x00000000        0x0 HAL.o
 .text          0x00000000        0x0 main.o
 .data          0x00000000        0x0 main.o
 .bss           0x00000000        0x0 main.o
 .text          0x00000000        0x0 trash.o
 .data          0x00000000        0x0 trash.o
 .bss           0x00000000        0x0 trash.o
 .debug_line    0x00000000        0x0 trash.o
 .debug_str     0x00000000       0xd5 trash.o
 .comment       0x00000000       0x31 trash.o
 .text          0x00000000        0x0 d:/atmel/studio/7.0/toolchain/avr8/avr8-gnu-toolchain/bin/../lib/gcc/avr/4.9.2/avr6\libgcc.a(_exit.o)
 .data          0x00000000        0x0 d:/atmel/studio/7.0/toolchain/avr8/avr8-gnu-toolchain/bin/../lib/gcc/avr/4.9.2/avr6\libgcc.a(_exit.o)
 .bss           0x00000000        0x0 d:/atmel/studio/7.0/toolchain/avr8/avr8-gnu-toolchain/bin/../lib/gcc/avr/4.9.2/avr6\libgcc.a(_exit.o)
 .text.libgcc.mul
                0x00000000        0x0 d:/atmel/studio/7.0/toolchain/avr8/avr8-gnu-toolchain/bin/../lib/gcc/avr/4.9.2/avr6\libgcc.a(_exit.o)
 .text.libgcc.div
                0x00000000        0x0 d:/atmel/studio/7.0/toolchain/avr8/avr8-gnu-toolchain/bin/../lib/gcc/avr/4.9.2/avr6\libgcc.a(_exit.o)
 .text.libgcc   0x00000000        0x0 d:/atmel/studio/7.0/toolchain/avr8/avr8-gnu-toolchain/bin/../lib/gcc/avr/4.9.2/avr6\libgcc.a(_exit.o)
 .text.libgcc.prologue
                0x00000000        0x0 d:/atmel/studio/7.0/toolchain/avr8/avr8-gnu-toolchain/bin/../lib/gcc/avr/4.9.2/avr6\libgcc.a(_exit.o)
 .text.libgcc.builtins
                0x00000000        0x0 d:/atmel/studio/7.0/toolchain/avr8/avr8-gnu-toolchain/bin/../lib/gcc/avr/4.9.2/avr6\libgcc.a(_exit.o)
 .text.libgcc.fmul
                0x00000000        0x0 d:/atmel/studio/7.0/toolchain/avr8/avr8-gnu-toolchain/bin/../lib/gcc/avr/4.9.2/avr6\libgcc.a(_exit.o)
 .text.libgcc.fixed
                0x00000000        0x0 d:/atmel/studio/7.0/toolchain/avr8/avr8-gnu-toolchain/bin/../lib/gcc/avr/4.9.2/avr6\libgcc.a(_exit.o)
 .text          0x00000000        0x0 d:/atmel/studio/7.0/toolchain/avr8/avr8-gnu-toolchain/bin/../lib/gcc/avr/4.9.2/avr6\libgcc.a(_copy_data.o)
 .data          0x00000000        0x0 d:/atmel/studio/7.0/toolchain/avr8/avr8-gnu-toolchain/bin/../lib/gcc/avr/4.9.2/avr6\libgcc.a(_copy_data.o)
 .bss           0x00000000        0x0 d:/atmel/studio/7.0/toolchain/avr8/avr8-gnu-toolchain/bin/../lib/gcc/avr/4.9.2/avr6\libgcc.a(_copy_data.o)
 .text.libgcc.mul
                0x00000000        0x0 d:/atmel/studio/7.0/toolchain/avr8/avr8-gnu-toolchain/bin/../lib/gcc/avr/4.9.2/avr6\libgcc.a(_copy_data.o)
 .text.libgcc.div
                0x00000000        0x0 d:/atmel/studio/7.0/toolchain/avr8/avr8-gnu-toolchain/bin/../lib/gcc/avr/4.9.2/avr6\libgcc.a(_copy_data.o)
 .text.libgcc   0x00000000        0x0 d:/atmel/studio/7.0/toolchain/avr8/avr8-gnu-toolchain/bin/../lib/gcc/avr/4.9.2/avr6\libgcc.a(_copy_data.o)
 .text.libgcc.prologue
                0x00000000        0x0 d:/atmel/studio/7.0/toolchain/avr8/avr8-gnu-toolchain/bin/../lib/gcc/avr/4.9.2/avr6\libgcc.a(_copy_data.o)
 .text.libgcc.builtins
                0x00000000        0x0 d:/atmel/studio/7.0/toolchain/avr8/avr8-gnu-toolchain/bin/../lib/gcc/avr/4.9.2/avr6\libgcc.a(_copy_data.o)
 .text.libgcc.fmul
                0x00000000        0x0 d:/atmel/studio/7.0/toolchain/avr8/avr8-gnu-toolchain/bin/../lib/gcc/avr/4.9.2/avr6\libgcc.a(_copy_data.o)
 .text.libgcc.fixed
                0x00000000        0x0 d:/atmel/studio/7.0/toolchain/avr8/avr8-gnu-toolchain/bin/../lib/gcc/avr/4.9.2/avr6\libgcc.a(_copy_data.o)
 .text          0x00000000        0x0 d:/atmel/studio/7.0/toolchain/avr8/avr8-gnu-toolchain/bin/../lib/gcc/avr/4.9.2/avr6\libgcc.a(_clear_bss.o)
 .data          0x00000000        0x0 d:/atmel/studio/7.0/toolchain/avr8/avr8-gnu-toolchain/bin/../lib/gcc/avr/4.9.2/avr6\libgcc.a(_clear_bss.o)
 .bss           0x00000000        0x0 d:/atmel/studio/7.0/toolchain/avr8/avr8-gnu-toolchain/bin/../lib/gcc/avr/4.9.2/avr6\libgcc.a(_clear_bss.o)
 .text.libgcc.mul
                0x00000000        0x0 d:/atmel/studio/7.0/toolchain/avr8/avr8-gnu-toolchain/bin/../lib/gcc/avr/4.9.2/avr6\libgcc.a(_clear_bss.o)
 .text.libgcc.div
                0x00000000        0x0 d:/atmel/studio/7.0/toolchain/avr8/avr8-gnu-toolchain/bin/../lib/gcc/avr/4.9.2/avr6\libgcc.a(_clear_bss.o)
 .text.libgcc   0x00000000        0x0 d:/atmel/studio/7.0/toolchain/avr8/avr8-gnu-toolchain/bin/../lib/gcc/avr/4.9.2/avr6\libgcc.a(_clear_bss.o)
 .text.libgcc.prologue
                0x00000000        0x0 d:/atmel/studio/7.0/toolchain/avr8/avr8-gnu-toolchain/bin/../lib/gcc/avr/4.9.2/avr6\libgcc.a(_clear_bss.o)
 .text.libgcc.builtins
                0x00000000        0x0 d:/atmel/studio/7.0/toolchain/avr8/avr8-gnu-toolchain/bin/../lib/gcc/avr/4.9.2/avr6\libgcc.a(_clear_bss.o)
 .text.libgcc.fmul
                0x00000000        0x0 d:/atmel/studio/7.0/toolchain/avr8/avr8-gnu-toolchain/bin/../lib/gcc/avr/4.9.2/avr6\libgcc.a(_clear_bss.o)
 .text.libgcc.fixed
                0x00000000        0x0 d:/atmel/studio/7.0/toolchain/avr8/avr8-gnu-toolchain/bin/../lib/gcc/avr/4.9.2/avr6\libgcc.a(_clear_bss.o)
 .text          0x00000000        0x0 d:/atmel/studio/7.0/toolchain/avr8/avr8-gnu-toolchain/bin/../lib/gcc/avr/4.9.2/../../../../avr/lib/avr6\libc.a(malloc.o)
 .bss           0x00000000        0x0 d:/atmel/studio/7.0/toolchain/avr8/avr8-gnu-toolchain/bin/../lib/gcc/avr/4.9.2/../../../../avr/lib/avr6\libc.a(malloc.o)
 .text          0x00000000        0x0 d:/atmel/studio/7.0/toolchain/avr8/avr8-gnu-toolchain/bin/../lib/gcc/avr/4.9.2/../../../../avr/lib/avr6\libc.a(strcpy.o)
 .data          0x00000000        0x0 d:/atmel/studio/7.0/toolchain/avr8/avr8-gnu-toolchain/bin/../lib/gcc/avr/4.9.2/../../../../avr/lib/avr6\libc.a(strcpy.o)
 .bss           0x00000000        0x0 d:/atmel/studio/7.0/toolchain/avr8/avr8-gnu-toolchain/bin/../lib/gcc/avr/4.9.2/../../../../avr/lib/avr6\libc.a(strcpy.o)
 .text          0x00000000        0x0 d:/atmel/studio/7.0/toolchain/avr8/avr8-gnu-toolchain/bin/../lib/gcc/avr/4.9.2/../../../../avr/lib/avr6\libc.a(sprintf.o)
 .data          0x00000000        0x0 d:/atmel/studio/7.0/toolchain/avr8/avr8-gnu-toolchain/bin/../lib/gcc/avr/4.9.2/../../../../avr/lib/avr6\libc.a(sprintf.o)
 .bss           0x00000000        0x0 d:/atmel/studio/7.0/toolchain/avr8/avr8-gnu-toolchain/bin/../lib/gcc/avr/4.9.2/../../../../avr/lib/avr6\libc.a(sprintf.o)
 .text          0x00000000        0x0 d:/atmel/studio/7.0/toolchain/avr8/avr8-gnu-toolchain/bin/../lib/gcc/avr/4.9.2/../../../../avr/lib/avr6\libc.a(vfprintf_std.o)
 .data          0x00000000        0x0 d:/atmel/studio/7.0/toolchain/avr8/avr8-gnu-toolchain/bin/../lib/gcc/avr/4.9.2/../../../../avr/lib/avr6\libc.a(vfprintf_std.o)
 .bss           0x00000000        0x0 d:/atmel/studio/7.0/toolchain/avr8/avr8-gnu-toolchain/bin/../lib/gcc/avr/4.9.2/../../../../avr/lib/avr6\libc.a(vfprintf_std.o)
 .text          0x00000000        0x0 d:/atmel/studio/7.0/toolchain/avr8/avr8-gnu-toolchain/bin/../lib/gcc/avr/4.9.2/../../../../avr/lib/avr6\libc.a(strnlen_P.o)
 .data          0x00000000        0x0 d:/atmel/studio/7.0/toolchain/avr8/avr8-gnu-toolchain/bin/../lib/gcc/avr/4.9.2/../../../../avr/lib/avr6\libc.a(strnlen_P.o)
 .bss           0x00000000        0x0 d:/atmel/studio/7.0/toolchain/avr8/avr8-gnu-toolchain/bin/../lib/gcc/avr/4.9.2/../../../../avr/lib/avr6\libc.a(strnlen_P.o)
 .text          0x00000000        0x0 d:/atmel/studio/7.0/toolchain/avr8/avr8-gnu-toolchain/bin/../lib/gcc/avr/4.9.2/../../../../avr/lib/avr6\libc.a(strnlen.o)
 .data          0x00000000        0x0 d:/atmel/studio/7.0/toolchain/avr8/avr8-gnu-toolchain/bin/../lib/gcc/avr/4.9.2/../../../../avr/lib/avr6\libc.a(strnlen.o)
 .bss           0x00000000        0x0 d:/atmel/studio/7.0/toolchain/avr8/avr8-gnu-toolchain/bin/../lib/gcc/avr/4.9.2/../../../../avr/lib/avr6\libc.a(strnlen.o)
 .text          0x00000000        0x0 d:/atmel/studio/7.0/toolchain/avr8/avr8-gnu-toolchain/bin/../lib/gcc/avr/4.9.2/../../../../avr/lib/avr6\libc.a(fputc.o)
 .data          0x00000000        0x0 d:/atmel/studio/7.0/toolchain/avr8/avr8-gnu-toolchain/bin/../lib/gcc/avr/4.9.2/../../../../avr/lib/avr6\libc.a(fputc.o)
 .bss           0x00000000        0x0 d:/atmel/studio/7.0/toolchain/avr8/avr8-gnu-toolchain/bin/../lib/gcc/avr/4.9.2/../../../../avr/lib/avr6\libc.a(fputc.o)
 .text          0x00000000        0x0 d:/atmel/studio/7.0/toolchain/avr8/avr8-gnu-toolchain/bin/../lib/gcc/avr/4.9.2/../../../../avr/lib/avr6\libc.a(ultoa_invert.o)
 .data          0x00000000        0x0 d:/atmel/studio/7.0/toolchain/avr8/avr8-gnu-toolchain/bin/../lib/gcc/avr/4.9.2/../../../../avr/lib/avr6\libc.a(ultoa_invert.o)
 .bss           0x00000000        0x0 d:/atmel/studio/7.0/toolchain/avr8/avr8-gnu-toolchain/bin/../lib/gcc/avr/4.9.2/../../../../avr/lib/avr6\libc.a(ultoa_invert.o)

Memory Configuration

Name             Origin             Length             Attributes
text             0x00000000         0x00100000         xr
data             0x00800200         0x0000fe00         rw !x
eeprom           0x00810000         0x00010000         rw !x
fuse             0x00820000         0x00000003         rw !x
lock             0x00830000         0x00000400         rw !x
signature        0x00840000         0x00000400         rw !x
user_signatures  0x00850000         0x00000400         rw !x
*default*        0x00000000         0xffffffff

Linker script and memory map

Address of section .data set to 0x800200
LOAD D:/Atmel/Studio/7.0/Packs/atmel/ATmega_DFP/1.1.130/gcc/dev/atmega2561/avr6/crtatmega2561.o
LOAD AndroCar.o
LOAD EERTOS.o
LOAD EERTOSHAL.o
LOAD HAL.o
LOAD main.o
LOAD trash.o
START GROUP
LOAD d:/atmel/studio/7.0/toolchain/avr8/avr8-gnu-toolchain/bin/../lib/gcc/avr/4.9.2/../../../../avr/lib/avr6\libm.a
END GROUP
START GROUP
LOAD d:/atmel/studio/7.0/toolchain/avr8/avr8-gnu-toolchain/bin/../lib/gcc/avr/4.9.2/avr6\libgcc.a
LOAD d:/atmel/studio/7.0/toolchain/avr8/avr8-gnu-toolchain/bin/../lib/gcc/avr/4.9.2/../../../../avr/lib/avr6\libm.a
LOAD d:/atmel/studio/7.0/toolchain/avr8/avr8-gnu-toolchain/bin/../lib/gcc/avr/4.9.2/../../../../avr/lib/avr6\libc.a
LOAD D:/Atmel/Studio/7.0/Packs/atmel/ATmega_DFP/1.1.130/gcc/dev/atmega2561/avr6\libatmega2561.a
END GROUP
                0x00100000                __TEXT_REGION_LENGTH__ = DEFINED (__TEXT_REGION_LENGTH__)?__TEXT_REGION_LENGTH__:0x100000
                0x0000fe00                __DATA_REGION_LENGTH__ = DEFINED (__DATA_REGION_LENGTH__)?__DATA_REGION_LENGTH__:0xfe00
                0x00010000                __EEPROM_REGION_LENGTH__ = DEFINED (__EEPROM_REGION_LENGTH__)?__EEPROM_REGION_LENGTH__:0x10000
                [0x00000003]                __FUSE_REGION_LENGTH__ = DEFINED (__FUSE_REGION_LENGTH__)?__FUSE_REGION_LENGTH__:0x400
                0x00000400                __LOCK_REGION_LENGTH__ = DEFINED (__LOCK_REGION_LENGTH__)?__LOCK_REGION_LENGTH__:0x400
                0x00000400                __SIGNATURE_REGION_LENGTH__ = DEFINED (__SIGNATURE_REGION_LENGTH__)?__SIGNATURE_REGION_LENGTH__:0x400
                0x00000400                __USER_SIGNATURE_REGION_LENGTH__ = DEFINED (__USER_SIGNATURE_REGION_LENGTH__)?__USER_SIGNATURE_REGION_LENGTH__:0x400

.hash
 *(.hash)

.dynsym
 *(.dynsym)

.dynstr
 *(.dynstr)

.gnu.version
 *(.gnu.version)

.gnu.version_d
 *(.gnu.version_d)

.gnu.version_r
 *(.gnu.version_r)

.rel.init
 *(.rel.init)

.rela.init
 *(.rela.init)

.rel.text
 *(.rel.text)
 *(.rel.text.*)
 *(.rel.gnu.linkonce.t*)

.rela.text
 *(.rela.text)
 *(.rela.text.*)
 *(.rela.gnu.linkonce.t*)

.rel.fini
 *(.rel.fini)

.rela.fini
 *(.rela.fini)

.rel.rodata
 *(.rel.rodata)
 *(.rel.rodata.*)
 *(.rel.gnu.linkonce.r*)

.rela.rodata
 *(.rela.rodata)
 *(.rela.rodata.*)
 *(.rela.gnu.linkonce.r*)

.rel.data
 *(.rel.data)
 *(.rel.data.*)
 *(.rel.gnu.linkonce.d*)

.rela.data
 *(.rela.data)
 *(.rela.data.*)
 *(.rela.gnu.linkonce.d*)

.rel.ctors
 *(.rel.ctors)

.rela.ctors
 *(.rela.ctors)

.rel.dtors
 *(.rel.dtors)

.rela.dtors
 *(.rela.dtors)

.rel.got
 *(.rel.got)

.rela.got
 *(.rela.got)

.rel.bss
 *(.rel.bss)

.rela.bss
 *(.rela.bss)

.rel.plt
 *(.rel.plt)

.rela.plt
 *(.rela.plt)

.text           0x00000000     0x1a02
 *(.vectors)
 .vectors       0x00000000       0xcc D:/Atmel/Studio/7.0/Packs/atmel/ATmega_DFP/1.1.130/gcc/dev/atmega2561/avr6/crtatmega2561.o
                0x00000000                __vector_default
                0x00000000                __vectors
 *(.vectors)
 *(.progmem.gcc*)
                0x000000cc                . = ALIGN (0x2)
                0x000000cc                __trampolines_start = .
 *(.trampolines)
 .trampolines   0x000000cc        0x0 linker stubs
 *(.trampolines*)
                0x000000cc                __trampolines_end = .
 *libprintf_flt.a:*(.progmem.data)
 *libc.a:*(.progmem.data)
 *(.progmem*)
                0x000000cc                . = ALIGN (0x2)
 *(.jumptables)
 *(.jumptables*)
 *(.lowtext)
 *(.lowtext*)
                0x000000cc                __ctors_start = .
 *(.ctors)
                0x000000cc                __ctors_end = .
                0x000000cc                __dtors_start = .
 *(.dtors)
                0x000000cc                __dtors_end = .
 SORT(*)(.ctors)
 SORT(*)(.dtors)
 *(.init0)
 .init0         0x000000cc        0x0 D:/Atmel/Studio/7.0/Packs/atmel/ATmega_DFP/1.1.130/gcc/dev/atmega2561/avr6/crtatmega2561.o
                0x000000cc                __init
 *(.init0)
 *(.init1)
 *(.init1)
 *(.init2)
 .init2         0x000000cc       0x10 D:/Atmel/Studio/7.0/Packs/atmel/ATmega_DFP/1.1.130/gcc/dev/atmega2561/avr6/crtatmega2561.o
 *(.init2)
 *(.init3)
 *(.init3)
 *(.init4)
 .init4         0x000000dc       0x1a d:/atmel/studio/7.0/toolchain/avr8/avr8-gnu-toolchain/bin/../lib/gcc/avr/4.9.2/avr6\libgcc.a(_copy_data.o)
                0x000000dc                __do_copy_data
 .init4         0x000000f6       0x10 d:/atmel/studio/7.0/toolchain/avr8/avr8-gnu-toolchain/bin/../lib/gcc/avr/4.9.2/avr6\libgcc.a(_clear_bss.o)
                0x000000f6                __do_clear_bss
 *(.init4)
 *(.init5)
 *(.init5)
 *(.init6)
 *(.init6)
 *(.init7)
 *(.init7)
 *(.init8)
 *(.init8)
 *(.init9)
 .init9         0x00000106        0x8 D:/Atmel/Studio/7.0/Packs/atmel/ATmega_DFP/1.1.130/gcc/dev/atmega2561/avr6/crtatmega2561.o
 *(.init9)
 *(.text)
 .text          0x0000010e        0x2 D:/Atmel/Studio/7.0/Packs/atmel/ATmega_DFP/1.1.130/gcc/dev/atmega2561/avr6/crtatmega2561.o
                0x0000010e                __vector_22
                0x0000010e                __vector_28
                0x0000010e                __vector_32
                0x0000010e                __vector_34
                0x0000010e                __vector_12
                0x0000010e                __vector_46
                0x0000010e                __bad_interrupt
                0x0000010e                __vector_6
                0x0000010e                __vector_31
                0x0000010e                __vector_35
                0x0000010e                __vector_39
                0x0000010e                __vector_3
                0x0000010e                __vector_23
                0x0000010e                __vector_30
                0x0000010e                __vector_45
                0x0000010e                __vector_25
                0x0000010e                __vector_11
                0x0000010e                __vector_17
                0x0000010e                __vector_19
                0x0000010e                __vector_7
                0x0000010e                __vector_49
                0x0000010e                __vector_41
                0x0000010e                __vector_43
                0x0000010e                __vector_27
                0x0000010e                __vector_5
                0x0000010e                __vector_33
                0x0000010e                __vector_47
                0x0000010e                __vector_4
                0x0000010e                __vector_44
                0x0000010e                __vector_9
                0x0000010e                __vector_21
                0x0000010e                __vector_15
                0x0000010e                __vector_40
                0x0000010e                __vector_8
                0x0000010e                __vector_26
                0x0000010e                __vector_48
                0x0000010e                __vector_14
                0x0000010e                __vector_10
                0x0000010e                __vector_50
                0x0000010e                __vector_16
                0x0000010e                __vector_18
                0x0000010e                __vector_20
                0x0000010e                __vector_42
                0x00000110                . = ALIGN (0x2)
 *(.text.*)
 .text.UART_Send_Buffer_Empty
                0x00000110       0x42 AndroCar.o
                0x00000110                UART_Send_Buffer_Empty
 .text.UART_Send_Ended
                0x00000152       0x82 AndroCar.o
                0x00000152                UART_Send_Ended
 .text.UART_Char_Received
                0x000001d4       0x8a AndroCar.o
                0x000001d4                UART_Char_Received
 .text.init_UART_Buffer
                0x0000025e       0x18 AndroCar.o
                0x0000025e                init_UART_Buffer
 .text.UART_Add_Message
                0x00000276       0x8a AndroCar.o
                0x00000276                UART_Add_Message
 .text.UART_Command_Processor
                0x00000300       0xd4 AndroCar.o
                0x00000300                UART_Command_Processor
 .text.init_SPI
                0x000003d4       0x22 AndroCar.o
                0x000003d4                init_SPI
 .text.spi_putc
                0x000003f6        0xc AndroCar.o
                0x000003f6                spi_putc
 .text.mcp2515_soft_reset
                0x00000402       0x66 AndroCar.o
                0x00000402                mcp2515_soft_reset
 .text.mcp2515_read_status
                0x00000468       0x6e AndroCar.o
                0x00000468                mcp2515_read_status
 .text.mcp2515_enable_module
                0x000004d6       0x38 AndroCar.o
                0x000004d6                mcp2515_enable_module
 .text.mcp2515_release_module
                0x0000050e       0x36 AndroCar.o
                0x0000050e                mcp2515_release_module
 .text.can_send_message
                0x00000544       0xe0 AndroCar.o
                0x00000544                can_send_message
 .text.mcp2515_write_register
                0x00000624       0x7a AndroCar.o
                0x00000624                mcp2515_write_register
 .text.mcp2515_read_rx_status
                0x0000069e       0x82 AndroCar.o
                0x0000069e                mcp2515_read_rx_status
 .text.mcp2515_bit_modify
                0x00000720       0x86 AndroCar.o
                0x00000720                mcp2515_bit_modify
 .text.MCP2515_init
                0x000007a6       0xc6 AndroCar.o
                0x000007a6                MCP2515_init
 .text.change_resend
                0x0000086c        0x6 AndroCar.o
                0x0000086c                change_resend
 .text.send_message_monitor
                0x00000872       0xf4 AndroCar.o
                0x00000872                send_message_monitor
 .text.can_read_message
                0x00000966       0xea AndroCar.o
                0x00000966                can_read_message
 .text.Idle     0x00000a50        0x2 EERTOS.o
                0x00000a50                Idle
 .text.InitRTOS
                0x00000a52       0x46 EERTOS.o
                0x00000a52                InitRTOS
 .text.SetTask  0x00000a98       0x50 EERTOS.o
                0x00000a98                SetTask
 .text.SetTimerTask
                0x00000ae8       0xde EERTOS.o
                0x00000ae8                SetTimerTask
 .text.TaskManager
                0x00000bc6       0x5a EERTOS.o
                0x00000bc6                TaskManager
 .text.TimerService
                0x00000c20       0x8a EERTOS.o
                0x00000c20                TimerService
 .text.RunRTOS  0x00000caa       0x1a EERTOSHAL.o
                0x00000caa                RunRTOS
 .text.InitAll  0x00000cc4       0x38 HAL.o
                0x00000cc4                InitAll
 .text.Task1    0x00000cfc      0x1a2 main.o
                0x00000cfc                Task1
 .text.Task2    0x00000e9e       0x20 main.o
                0x00000e9e                Task2
 .text.Task3    0x00000ebe       0x40 main.o
                0x00000ebe                Task3
 .text.__vector_13
                0x00000efe       0x4e main.o
                0x00000efe                __vector_13
 .text.__vector_29
                0x00000f4c       0x2c main.o
                0x00000f4c                __vector_29
 .text.__vector_37
                0x00000f78       0x4e main.o
                0x00000f78                __vector_37
 .text.__vector_38
                0x00000fc6       0x4e main.o
                0x00000fc6                __vector_38
 .text.__vector_36
                0x00001014       0x4e main.o
                0x00001014                __vector_36
 .text.__vector_24
                0x00001062       0x14 main.o
                0x00001062                __vector_24
 .text.__vector_1
                0x00001076       0xa8 main.o
                0x00001076                __vector_1
 .text.__vector_2
                0x0000111e       0xa8 main.o
                0x0000111e                __vector_2
 .text.main     0x000011c6       0x3e main.o
                0x000011c6                main
 .text.avr-libc
                0x00001204      0x25a d:/atmel/studio/7.0/toolchain/avr8/avr8-gnu-toolchain/bin/../lib/gcc/avr/4.9.2/../../../../avr/lib/avr6\libc.a(malloc.o)
                0x00001204                malloc
                0x0000132e                free
 .text.avr-libc
                0x0000145e        0xe d:/atmel/studio/7.0/toolchain/avr8/avr8-gnu-toolchain/bin/../lib/gcc/avr/4.9.2/../../../../avr/lib/avr6\libc.a(strcpy.o)
                0x0000145e                strcpy
 .text.avr-libc
                0x0000146c       0x5e d:/atmel/studio/7.0/toolchain/avr8/avr8-gnu-toolchain/bin/../lib/gcc/avr/4.9.2/../../../../avr/lib/avr6\libc.a(sprintf.o)
                0x0000146c                sprintf
 .text.avr-libc
                0x000014ca      0x3dc d:/atmel/studio/7.0/toolchain/avr8/avr8-gnu-toolchain/bin/../lib/gcc/avr/4.9.2/../../../../avr/lib/avr6\libc.a(vfprintf_std.o)
                0x000014ca                vfprintf
 .text.avr-libc
                0x000018a6       0x16 d:/atmel/studio/7.0/toolchain/avr8/avr8-gnu-toolchain/bin/../lib/gcc/avr/4.9.2/../../../../avr/lib/avr6\libc.a(strnlen_P.o)
                0x000018a6                strnlen_P
 .text.avr-libc
                0x000018bc       0x16 d:/atmel/studio/7.0/toolchain/avr8/avr8-gnu-toolchain/bin/../lib/gcc/avr/4.9.2/../../../../avr/lib/avr6\libc.a(strnlen.o)
                0x000018bc                strnlen
 .text.avr-libc
                0x000018d2       0x70 d:/atmel/studio/7.0/toolchain/avr8/avr8-gnu-toolchain/bin/../lib/gcc/avr/4.9.2/../../../../avr/lib/avr6\libc.a(fputc.o)
                0x000018d2                fputc
 .text.avr-libc
                0x00001942       0xbc d:/atmel/studio/7.0/toolchain/avr8/avr8-gnu-toolchain/bin/../lib/gcc/avr/4.9.2/../../../../avr/lib/avr6\libc.a(ultoa_invert.o)
                0x00001942                __ultoa_invert
                0x000019fe                . = ALIGN (0x2)
 *(.fini9)
 .fini9         0x000019fe        0x0 d:/atmel/studio/7.0/toolchain/avr8/avr8-gnu-toolchain/bin/../lib/gcc/avr/4.9.2/avr6\libgcc.a(_exit.o)
                0x000019fe                _exit
                0x000019fe                exit
 *(.fini9)
 *(.fini8)
 *(.fini8)
 *(.fini7)
 *(.fini7)
 *(.fini6)
 *(.fini6)
 *(.fini5)
 *(.fini5)
 *(.fini4)
 *(.fini4)
 *(.fini3)
 *(.fini3)
 *(.fini2)
 *(.fini2)
 *(.fini1)
 *(.fini1)
 *(.fini0)
 .fini0         0x000019fe        0x4 d:/atmel/studio/7.0/toolchain/avr8/avr8-gnu-toolchain/bin/../lib/gcc/avr/4.9.2/avr6\libgcc.a(_exit.o)
 *(.fini0)
                0x00001a02                _etext = .

.data           0x00800200       0xb0 load address 0x00001a02
                0x00800200                PROVIDE (__data_start, .)
 *(.data)
 .data          0x00800200        0x6 d:/atmel/studio/7.0/toolchain/avr8/avr8-gnu-toolchain/bin/../lib/gcc/avr/4.9.2/../../../../avr/lib/avr6\libc.a(malloc.o)
                0x00800200                __malloc_heap_end
                0x00800202                __malloc_heap_start
                0x00800204                __malloc_margin
 *(.data*)
 .data.MON_125_Message
                0x00800206        0xc AndroCar.o
                0x00800206                MON_125_Message
 .data.MON_125_Speed
                0x00800212        0xc AndroCar.o
                0x00800212                MON_125_Speed
 .data.MON_125_Remain
                0x0080021e        0xc AndroCar.o
                0x0080021e                MON_125_Remain
 .data.MON_125_Momental
                0x0080022a        0xc AndroCar.o
                0x0080022a                MON_125_Momental
 .data.MON_125_AVG
                0x00800236        0xc AndroCar.o
                0x00800236                MON_125_AVG
 .data.modules  0x00800242       0x12 AndroCar.o
                0x00800242                modules
 *(.rodata)
 *(.rodata*)
 .rodata.str1.1
                0x00800254       0x10 AndroCar.o
 .rodata.str1.1
                0x00800264       0x4b main.o
 *(.gnu.linkonce.d*)
                0x008002b0                . = ALIGN (0x2)
 *fill*         0x008002af        0x1 
                0x008002b0                _edata = .
                0x008002b0                PROVIDE (__data_end, .)

.bss            0x008002b0      0xbc4
                0x008002b0                PROVIDE (__bss_start, .)
 *(.bss)
 *(.bss*)
 .bss.New_command_receive_status
                0x008002b0        0x1 AndroCar.o
 .bss.New_command_parameter_length
                0x008002b1        0x1 AndroCar.o
 .bss.UART1_string_position
                0x008002b2        0x1 AndroCar.o
 .bss.UART1_Send_Buffer
                0x008002b3       0x8c AndroCar.o
 .bss.MainTimer
                0x0080033f       0x40 EERTOS.o
 .bss.TaskQueue
                0x0080037f       0x2a EERTOS.o
 *(COMMON)
 COMMON         0x008003a9      0x8e3 AndroCar.o
                0x008003a9                MON_125_03BA
                0x008003b1                CAR_125_201
                0x008003b9                CAR_125_290
                0x008003c1                CAR_125_291
                0x008003c9                New_command
                0x0080040f                CAR_125_28F
                0x00800417                MON_125_038A
                0x0080041f                New_command_id
                0x00800420                CAR_125_400
                0x00800428                Resend_status
                0x00800429                UART_Command_Stack
                0x00800c7c                CAR_125_03BA
                0x00800c84                CAR_125_038A
 COMMON         0x00800c8c      0x1e4 main.o
                0x00800c8c                CAN_incoming_buffer
                0x00800e6c                stat
                0x00800e6e                Vin
 COMMON         0x00800e70        0x4 d:/atmel/studio/7.0/toolchain/avr8/avr8-gnu-toolchain/bin/../lib/gcc/avr/4.9.2/../../../../avr/lib/avr6\libc.a(malloc.o)
                0x00800e70                __brkval
                0x00800e72                __flp
                0x00800e74                PROVIDE (__bss_end, .)
                0x00001a02                __data_load_start = LOADADDR (.data)
                0x00001ab2                __data_load_end = (__data_load_start + SIZEOF (.data))

.noinit         0x00800e74        0x0
                [!provide]                PROVIDE (__noinit_start, .)
 *(.noinit*)
                [!provide]                PROVIDE (__noinit_end, .)
                0x00800e74                _end = .
                0x00800e74                PROVIDE (__heap_start, .)

.eeprom         0x00810000        0x0
 *(.eeprom*)
                0x00810000                __eeprom_end = .

.fuse
 *(.fuse)
 *(.lfuse)
 *(.hfuse)
 *(.efuse)

.lock
 *(.lock*)

.signature
 *(.signature*)

.user_signatures
 *(.user_signatures*)

.stab
 *(.stab)

.stabstr
 *(.stabstr)

.stab.excl
 *(.stab.excl)

.stab.exclstr
 *(.stab.exclstr)

.stab.index
 *(.stab.index)

.stab.indexstr
 *(.stab.indexstr)

.comment        0x00000000       0x5c
 *(.comment)
 .comment       0x00000000       0x30 AndroCar.o
                                 0x31 (size before relaxing)
 .comment       0x00000030       0x31 EERTOS.o
 .comment       0x00000030       0x31 EERTOSHAL.o
 .comment       0x00000030       0x31 HAL.o
 .comment       0x00000030       0x31 main.o
 .comment       0x00000030       0x31 d:/atmel/studio/7.0/toolchain/avr8/avr8-gnu-toolchain/bin/../lib/gcc/avr/4.9.2/../../../../avr/lib/avr6\libc.a(malloc.o)
 .comment       0x00000030       0x31 d:/atmel/studio/7.0/toolchain/avr8/avr8-gnu-toolchain/bin/../lib/gcc/avr/4.9.2/../../../../avr/lib/avr6\libc.a(sprintf.o)
 .comment       0x00000030       0x2c d:/atmel/studio/7.0/toolchain/avr8/avr8-gnu-toolchain/bin/../lib/gcc/avr/4.9.2/../../../../avr/lib/avr6\libc.a(vfprintf_std.o)
                                 0x2d (size before relaxing)
 .comment       0x0000005c       0x31 d:/atmel/studio/7.0/toolchain/avr8/avr8-gnu-toolchain/bin/../lib/gcc/avr/4.9.2/../../../../avr/lib/avr6\libc.a(fputc.o)

.note.gnu.avr.deviceinfo
                0x00000000       0x40
 .note.gnu.avr.deviceinfo
                0x00000000       0x40 D:/Atmel/Studio/7.0/Packs/atmel/ATmega_DFP/1.1.130/gcc/dev/atmega2561/avr6/crtatmega2561.o

.note.gnu.build-id
 *(.note.gnu.build-id)

.debug
 *(.debug)

.line
 *(.line)

.debug_srcinfo
 *(.debug_srcinfo)

.debug_sfnames
 *(.debug_sfnames)

.debug_aranges  0x00000000      0x1c8
 *(.debug_aranges)
 .debug_aranges
                0x00000000       0xc8 AndroCar.o
 .debug_aranges
                0x000000c8       0x48 EERTOS.o
 .debug_aranges
                0x00000110       0x20 EERTOSHAL.o
 .debug_aranges
                0x00000130       0x20 HAL.o
 .debug_aranges
                0x00000150       0x78 main.o

.debug_pubnames
 *(.debug_pubnames)

.debug_info     0x00000000     0x243d
 *(.debug_info .gnu.linkonce.wi.*)
 .debug_info    0x00000000      0xa1a D:/Atmel/Studio/7.0/Packs/atmel/ATmega_DFP/1.1.130/gcc/dev/atmega2561/avr6/crtatmega2561.o
 .debug_info    0x00000a1a     0x1067 AndroCar.o
 .debug_info    0x00001a81      0x27b EERTOS.o
 .debug_info    0x00001cfc       0x98 EERTOSHAL.o
 .debug_info    0x00001d94       0x98 HAL.o
 .debug_info    0x00001e2c      0x611 main.o

.debug_abbrev   0x00000000     0x1033
 *(.debug_abbrev)
 .debug_abbrev  0x00000000      0x98e D:/Atmel/Studio/7.0/Packs/atmel/ATmega_DFP/1.1.130/gcc/dev/atmega2561/avr6/crtatmega2561.o
 .debug_abbrev  0x0000098e      0x2b6 AndroCar.o
 .debug_abbrev  0x00000c44      0x141 EERTOS.o
 .debug_abbrev  0x00000d85       0x51 EERTOSHAL.o
 .debug_abbrev  0x00000dd6       0x51 HAL.o
 .debug_abbrev  0x00000e27      0x20c main.o

.debug_line     0x00000000     0x11eb
 *(.debug_line .debug_line.* .debug_line_end)
 .debug_line    0x00000000      0x1d5 D:/Atmel/Studio/7.0/Packs/atmel/ATmega_DFP/1.1.130/gcc/dev/atmega2561/avr6/crtatmega2561.o
 .debug_line    0x000001d5      0x88e AndroCar.o
 .debug_line    0x00000a63      0x2ae EERTOS.o
 .debug_line    0x00000d11       0xaa EERTOSHAL.o
 .debug_line    0x00000dbb       0xc2 HAL.o
 .debug_line    0x00000e7d      0x36e main.o

.debug_frame    0x00000000      0x6ec
 *(.debug_frame)
 .debug_frame   0x00000000      0x314 AndroCar.o
 .debug_frame   0x00000314       0xa8 EERTOS.o
 .debug_frame   0x000003bc       0x24 EERTOSHAL.o
 .debug_frame   0x000003e0       0x24 HAL.o
 .debug_frame   0x00000404      0x2e8 main.o

.debug_str      0x00000000      0x9bf
 *(.debug_str)
 .debug_str     0x00000000      0x366 D:/Atmel/Studio/7.0/Packs/atmel/ATmega_DFP/1.1.130/gcc/dev/atmega2561/avr6/crtatmega2561.o
 .debug_str     0x00000366      0x509 AndroCar.o
                                0x574 (size before relaxing)
 .debug_str     0x0000086f       0x88 EERTOS.o
                                0x1ef (size before relaxing)
 .debug_str     0x000008f7       0x19 EERTOSHAL.o
                                0x172 (size before relaxing)
 .debug_str     0x00000910       0x13 HAL.o
                                0x16c (size before relaxing)
 .debug_str     0x00000923       0x9c main.o
                                0x334 (size before relaxing)

.debug_loc      0x00000000     0x155e
 *(.debug_loc)
 .debug_loc     0x00000000      0xbb9 AndroCar.o
 .debug_loc     0x00000bb9      0x2ec EERTOS.o
 .debug_loc     0x00000ea5      0x6b9 main.o

.debug_macinfo
 *(.debug_macinfo)

.debug_weaknames
 *(.debug_weaknames)

.debug_funcnames
 *(.debug_funcnames)

.debug_typenames
 *(.debug_typenames)

.debug_varnames
 *(.debug_varnames)

.debug_pubtypes
 *(.debug_pubtypes)

.debug_ranges   0x00000000      0x190
 *(.debug_ranges)
 .debug_ranges  0x00000000       0xb8 AndroCar.o
 .debug_ranges  0x000000b8       0x38 EERTOS.o
 .debug_ranges  0x000000f0       0x10 EERTOSHAL.o
 .debug_ranges  0x00000100       0x10 HAL.o
 .debug_ranges  0x00000110       0x80 main.o

.debug_macro
 *(.debug_macro)
OUTPUT(2561.elf elf32-avr)
LOAD linker stubs
